#-----------------------------------------------------------
# Vivado v2023.2 (64-bit)
# SW Build 4029153 on Fri Oct 13 20:14:34 MDT 2023
# IP Build 4028589 on Sat Oct 14 00:45:43 MDT 2023
# SharedData Build 4025554 on Tue Oct 10 17:18:54 MDT 2023
# Start of session at: Sun Apr  6 19:45:49 2025
# Process ID: 12968
# Current directory: e:/Adrian/LaboratoareVLSI/snapshot_laborator5/snapshot_laborator4
# Command line: vivado.exe -gui_launcher_event rodinguilauncherevent11568 E:\Adrian\LaboratoareVLSI\snapshot_laborator5\snapshot_laborator4\snapshot_laborator4.xpr
# Log file: e:/Adrian/LaboratoareVLSI/snapshot_laborator5/snapshot_laborator4/vivado.log
# Journal file: e:/Adrian/LaboratoareVLSI/snapshot_laborator5/snapshot_laborator4\vivado.jou
# Running On: DESKTOP-F5QDMV4, OS: Windows, CPU Frequency: 3793 MHz, CPU Physical cores: 16, Host memory: 16309 MB
#-----------------------------------------------------------
start_gui
open_project E:/Adrian/LaboratoareVLSI/snapshot_laborator5/snapshot_laborator4/snapshot_laborator4.xpr
update_compile_order -fileset sources_1
launch_simulation
source top.tcl
